// Jest Snapshot v1, https://goo.gl/fbAQLP

exports[`Component: IngredientsData should match snapshot 1`] = `"<div class=\\"MuiPaper-root-2 MuiPaper-elevation2-6 MuiPaper-rounded-3 MuiCard-root-1\\"><div class=\\"MuiCardContent-root-29\\"><h2 class=\\"MuiTypography-root-30 MuiTypography-headline-35 MuiTypography-gutterBottom-47\\">Total nutrients</h2><h3 class=\\"MuiTypography-root-30 MuiTypography-body1-39 MuiTypography-gutterBottom-47\\">Calories: 200cal</h3><h3 class=\\"MuiTypography-root-30 MuiTypography-body1-39 MuiTypography-gutterBottom-47\\">Total Weight: 100gr</h3><div class=\\"MuiGrid-container-54 MuiGrid-align-items-xs-flex-end-64 MuiGrid-justify-xs-space-between-73\\"><header><p class=\\"MuiTypography-root-30 MuiTypography-body1-39 MuiTypography-gutterBottom-47 MuiTypography-paragraph-48\\">Total Nutrients</p><p class=\\"MuiTypography-root-30 MuiTypography-body1-39 MuiTypography-gutterBottom-47 MuiTypography-paragraph-48\\">Total Daily percentage</p></header><div class=\\"u-text-center\\"><div><h3 class=\\"MuiTypography-root-30 MuiTypography-body1-39 MuiTypography-gutterBottom-47\\"></h3><p class=\\"MuiTypography-root-30 MuiTypography-body1-39 MuiTypography-gutterBottom-47 MuiTypography-paragraph-48\\">NaN </p><p class=\\"MuiTypography-root-30 MuiTypography-body1-39 MuiTypography-gutterBottom-47 MuiTypography-paragraph-48\\">NaN </p></div></div></div></div></div>"`;
