// Jest Snapshot v1, https://goo.gl/fbAQLP

exports[`Component: CircleIcon should match snapshot 1`] = `"<div class=\\"circle-icon\\"><img class=\\"circle-icon__icon\\" src=\\"&#x27;icon&#x27;\\" alt=\\"&#x27;alt text\\"/></div>"`;
