// Jest Snapshot v1, https://goo.gl/fbAQLP

exports[`Component: BarGraph should match snapshot 1`] = `"<div style=\\"width: 10%;\\" class=\\"bar-graph bar-graph--fat\\"><p>Fat 10%</p></div>"`;
