// Jest Snapshot v1, https://goo.gl/fbAQLP

exports[`Component: IngredientsList should not render if no ingredients props is passed 1`] = `null`;

exports[`Component: IngredientsList when ingredients prop is passed should match snapshot 1`] = `"<div class=\\"MuiGrid-container-1 MuiGrid-direction-xs-column-4\\"><div class=\\"MuiGrid-container-1 MuiGrid-align-items-xs-center-9 MuiGrid-justify-xs-space-between-20\\"><h2 class=\\"MuiTypography-root-92 MuiTypography-headline-97 MuiTypography-gutterBottom-109\\">Your recipe ingredients list</h2><form><div class=\\"MuiFormControl-root-116\\"><label class=\\"MuiFormLabel-root-125 MuiInputLabel-root-120 MuiInputLabel-formControl-121 MuiInputLabel-animated-124\\" data-shrink=\\"false\\" for=\\"recipeNameInput\\">Recipe name</label><div class=\\"MuiInput-root-130 MuiInput-formControl-131 MuiInput-underline-134\\"><input type=\\"text\\" aria-invalid=\\"false\\" aria-required=\\"false\\" class=\\"MuiInput-input-138\\" id=\\"recipeNameInput\\" value=\\"\\"/></div></div></form></div><div class=\\"MuiGrid-item-2 ingredients-list__list\\"><div class=\\"MuiPaper-root-146 MuiPaper-elevation1-149 MuiExpansionPanel-root-143 ingredient-details\\"><div tabindex=\\"0\\" class=\\"MuiButtonBase-root-179 MuiExpansionPanelSummary-root-173\\" role=\\"button\\" aria-expanded=\\"false\\"><div class=\\"MuiExpansionPanelSummary-content-177\\"><h3 class=\\"MuiTypography-root-92 MuiTypography-body1-101\\">Carrot</h3><p class=\\"MuiTypography-root-92 MuiTypography-body1-101\\">100cal for 260gr</p><button tabindex=\\"0\\" class=\\"MuiButtonBase-root-179 MuiIconButton-root-182 MuiIconButton-colorSecondary-185 ingredient-details__button\\" type=\\"button\\" aria-label=\\"Delete\\" id=\\"removeButton-0\\"><span class=\\"MuiIconButton-label-187\\"><svg class=\\"MuiSvgIcon-root-188\\" focusable=\\"false\\" viewBox=\\"0 0 24 24\\" aria-hidden=\\"true\\"><g><path d=\\"M6 19c0 1.1.9 2 2 2h8c1.1 0 2-.9 2-2V7H6v12zM19 4h-3.5l-1-1h-5l-1 1H5v2h14V4z\\"></path></g></svg></span><span class=\\"MuiTouchRipple-root-194\\"></span></button></div><div tabindex=\\"-1\\" class=\\"MuiButtonBase-root-179 MuiIconButton-root-182 MuiExpansionPanelSummary-expandIcon-178\\" role=\\"button\\" aria-hidden=\\"true\\"><span class=\\"MuiIconButton-label-187\\"><svg class=\\"MuiSvgIcon-root-188\\" focusable=\\"false\\" viewBox=\\"0 0 24 24\\" aria-hidden=\\"true\\"><g><path d=\\"M16.59 8.59L12 13.17 7.41 8.59 6 10l6 6 6-6z\\"></path></g></svg></span><span class=\\"MuiTouchRipple-root-194\\"></span></div></div><div class=\\"MuiCollapse-container-201\\" style=\\"min-height:0px\\" aria-hidden=\\"true\\"><div class=\\"MuiCollapse-wrapper-203\\"><div class=\\"MuiCollapse-wrapperInner-204\\"><div class=\\"MuiExpansionPanelDetails-root-205\\"><div class=\\"MuiGrid-container-1 MuiGrid-spacing-xs-8-22 MuiGrid-align-items-xs-center-9 MuiGrid-justify-xs-center-18\\"><div class=\\"MuiGrid-container-1 MuiGrid-justify-xs-space-between-20\\"></div><div class=\\"MuiGrid-container-1 MuiGrid-align-items-xs-center-9 MuiGrid-justify-xs-center-18\\"></div></div></div></div></div></div></div></div><div class=\\"MuiGrid-container-1 MuiGrid-spacing-xs-8-22 MuiGrid-justify-xs-flex-end-19\\"><div class=\\"MuiGrid-item-2\\"><button tabindex=\\"0\\" class=\\"MuiButtonBase-root-179 MuiButton-root-206\\" type=\\"button\\" id=\\"removeAllButton\\"><span class=\\"MuiButton-label-207\\">Remove all ingredients</span><span class=\\"MuiTouchRipple-root-194\\"></span></button></div><div class=\\"MuiGrid-item-2\\"><button tabindex=\\"0\\" class=\\"MuiButtonBase-root-179 MuiButton-root-206 MuiButton-raised-212 MuiButton-raisedPrimary-213\\" type=\\"button\\" id=\\"saveButton\\"><span class=\\"MuiButton-label-207\\">Save recipe</span><span class=\\"MuiTouchRipple-root-194\\"></span></button></div></div></div>"`;
