// Jest Snapshot v1, https://goo.gl/fbAQLP

exports[`Component: RecipeCreator should match snapshot 1`] = `"<div class=\\"MuiGrid-container-1 MuiGrid-spacing-xs-16-23\\"><div class=\\"MuiGrid-item-2 MuiGrid-grid-xs-12-39\\"><div class=\\"MuiPaper-root-93 MuiPaper-elevation2-97 MuiPaper-rounded-94 MuiCard-root-92 u-push-top\\"><div class=\\"MuiCardContent-root-120\\"><h2 class=\\"MuiTypography-root-121 MuiTypography-headline-126 MuiTypography-gutterBottom-138\\">What do you have in your fridge?</h2><form class=\\"search\\"><div class=\\"MuiGrid-container-1 MuiGrid-spacing-xs-8-22 MuiGrid-justify-xs-space-between-20\\"><div class=\\"MuiGrid-item-2 MuiGrid-grid-xs-12-39 MuiGrid-grid-sm-6-46\\"><div class=\\"MuiFormControl-root-145 MuiFormControl-fullWidth-148\\"><label class=\\"MuiFormLabel-root-154 MuiInputLabel-root-149 MuiInputLabel-formControl-150 MuiInputLabel-animated-153\\" data-shrink=\\"false\\" for=\\"ingredientNameInput\\">Find an ingredient</label><div class=\\"MuiInput-root-159 MuiInput-fullWidth-166 MuiInput-formControl-160 MuiInput-underline-163\\"><input type=\\"text\\" aria-invalid=\\"false\\" aria-required=\\"false\\" class=\\"MuiInput-input-167\\" id=\\"ingredientNameInput\\" placeholder=\\"Ex: 200gr chicken\\" value=\\"\\"></div></div></div><div class=\\"MuiGrid-item-2\\"><div class=\\"MuiFormControl-root-145\\"><label class=\\"MuiFormLabel-root-154 MuiInputLabel-root-149 MuiInputLabel-formControl-150 MuiInputLabel-animated-153 MuiInputLabel-shrink-152\\" data-shrink=\\"true\\" for=\\"numberOfServingsInput\\">Number of servings</label><div class=\\"MuiInput-root-159 MuiInput-formControl-160 MuiInput-underline-163\\"><input type=\\"text\\" aria-invalid=\\"false\\" aria-required=\\"false\\" class=\\"MuiInput-input-167\\" id=\\"numberOfServingsInput\\" value=\\"1\\"></div></div></div><button tabindex=\\"-1\\" class=\\"MuiButtonBase-root-188 MuiButtonBase-disabled-189 MuiButton-root-172 MuiButton-raised-178 MuiButton-raisedPrimary-179 MuiButton-disabled-182\\" type=\\"submit\\" disabled=\\"\\" id=\\"submitButton\\"><span class=\\"MuiButton-label-173\\">Add ingredient</span></button></div></form></div></div></div><div class=\\"MuiGrid-item-2 MuiGrid-grid-xs-12-39\\"></div><div class=\\"MuiGrid-item-2 MuiGrid-grid-xs-12-39\\"></div><div class=\\"MuiGrid-item-2 MuiGrid-grid-xs-12-39\\"></div></div>"`;
