// Jest Snapshot v1, https://goo.gl/fbAQLP

exports[`Component: nutrients chart should match snapshot 1`] = `
<div class="flex xs12">
  <div class="v-card v-sheet theme--light">
    <div class="v-card__title">
      <h2 class="headline">
        Macro in recipe
      </h2>
    </div>
    <div class="v-card__text">
      <p class="body-1">
        Based on 4 calories per gram of carbs and protein, and 9 calories per gram of fat.
      </p>
      <p class="body-1">
        Those numbers are approximation only, as the number of calories per macro change per ingredient and depend on quality and other factor.
      </p>
      <div class="layout row">
        <div class="bar-graph  bar-graph--protein" style="width: 50%;">
          <p class="bar-graph__text">
            Protein 50%
          </p>
        </div>
        <div class="bar-graph  bar-graph--fat" style="width: 10%;">
          <p class="bar-graph__text">
            Fat 10%
          </p>
        </div>
      </div>
    </div>
  </div>
</div>
`;
