// Jest Snapshot v1, https://goo.gl/fbAQLP

exports[`Component: create recipe should match snapshot 1`] = `
<div class="layout row wrap">
    <!---->
</div>
`;
