// Jest Snapshot v1, https://goo.gl/fbAQLP

exports[`Component: IngredientNutrients should match snapshot 1`] = `"<div class=\\"MuiGrid-container-1 MuiGrid-spacing-xs-8-22 MuiGrid-align-items-xs-center-9 MuiGrid-justify-xs-center-18\\"><div class=\\"MuiGrid-container-1 MuiGrid-justify-xs-space-between-20\\"><div><h3 class=\\"MuiTypography-root-92 MuiTypography-body1-101 MuiTypography-gutterBottom-109\\">Fat</h3><p class=\\"MuiTypography-root-92 MuiTypography-body1-101 MuiTypography-gutterBottom-109 MuiTypography-paragraph-110\\">13 gr</p></div></div><div class=\\"MuiGrid-container-1 MuiGrid-align-items-xs-center-9 MuiGrid-justify-xs-center-18\\"><div role=\\"button\\" class=\\"MuiChip-root-116\\" tabindex=\\"-1\\"><span class=\\"MuiChip-label-121\\">Low fat</span></div><div role=\\"button\\" class=\\"MuiChip-root-116\\" tabindex=\\"-1\\"><span class=\\"MuiChip-label-121\\">Low carb</span></div><div role=\\"button\\" class=\\"MuiChip-root-116\\" tabindex=\\"-1\\"><span class=\\"MuiChip-label-121\\">Vegetarian</span></div><div role=\\"button\\" class=\\"MuiChip-root-116\\" tabindex=\\"-1\\"><span class=\\"MuiChip-label-121\\">Vegan</span></div></div></div>"`;
