// Jest Snapshot v1, https://goo.gl/fbAQLP

exports[`Component: IngredientDetails should match snapshot 1`] = `"<div class=\\"MuiPaper-root-4 MuiPaper-elevation1-7 MuiExpansionPanel-root-1 ingredient-details\\"><div tabindex=\\"0\\" class=\\"MuiButtonBase-root-37 MuiExpansionPanelSummary-root-31\\" role=\\"button\\" aria-expanded=\\"false\\"><div class=\\"MuiExpansionPanelSummary-content-35\\"><h3 class=\\"MuiTypography-root-40 MuiTypography-body1-49\\">Carrot</h3><p class=\\"MuiTypography-root-40 MuiTypography-body1-49\\">100cal for 260gr</p><button tabindex=\\"0\\" class=\\"MuiButtonBase-root-37 MuiIconButton-root-64 MuiIconButton-colorSecondary-67 ingredient-details__button\\" type=\\"button\\" aria-label=\\"Delete\\" id=\\"removeButton-1\\"><span class=\\"MuiIconButton-label-69\\"><svg class=\\"MuiSvgIcon-root-70\\" focusable=\\"false\\" viewBox=\\"0 0 24 24\\" aria-hidden=\\"true\\"><g><path d=\\"M6 19c0 1.1.9 2 2 2h8c1.1 0 2-.9 2-2V7H6v12zM19 4h-3.5l-1-1h-5l-1 1H5v2h14V4z\\"></path></g></svg></span><span class=\\"MuiTouchRipple-root-76\\"></span></button></div><div tabindex=\\"-1\\" class=\\"MuiButtonBase-root-37 MuiIconButton-root-64 MuiExpansionPanelSummary-expandIcon-36\\" role=\\"button\\" aria-hidden=\\"true\\"><span class=\\"MuiIconButton-label-69\\"><svg class=\\"MuiSvgIcon-root-70\\" focusable=\\"false\\" viewBox=\\"0 0 24 24\\" aria-hidden=\\"true\\"><g><path d=\\"M16.59 8.59L12 13.17 7.41 8.59 6 10l6 6 6-6z\\"></path></g></svg></span><span class=\\"MuiTouchRipple-root-76\\"></span></div></div><div class=\\"MuiCollapse-container-83\\" style=\\"min-height:0px\\" aria-hidden=\\"true\\"><div class=\\"MuiCollapse-wrapper-85\\"><div class=\\"MuiCollapse-wrapperInner-86\\"><div class=\\"MuiExpansionPanelDetails-root-87\\"><div class=\\"MuiGrid-container-88 MuiGrid-spacing-xs-8-109 MuiGrid-align-items-xs-center-96 MuiGrid-justify-xs-center-105\\"><div class=\\"MuiGrid-container-88 MuiGrid-justify-xs-space-between-107\\"></div><div class=\\"MuiGrid-container-88 MuiGrid-align-items-xs-center-96 MuiGrid-justify-xs-center-105\\"></div></div></div></div></div></div></div>"`;
