// Jest Snapshot v1, https://goo.gl/fbAQLP

exports[`Component: NutrientDetails should match snapshot 1`] = `"<div><h3 class=\\"MuiTypography-root-1 MuiTypography-body1-10 MuiTypography-gutterBottom-18\\"></h3><p class=\\"MuiTypography-root-1 MuiTypography-body1-10 MuiTypography-gutterBottom-18 MuiTypography-paragraph-19\\">100 gr</p><p class=\\"MuiTypography-root-1 MuiTypography-body1-10 MuiTypography-gutterBottom-18 MuiTypography-paragraph-19\\">10 %</p></div>"`;
