// Jest Snapshot v1, https://goo.gl/fbAQLP

exports[`Component: Header should match snapshot 1`] = `"<header class=\\"MuiPaper-root-9 MuiPaper-elevation0-11 MuiAppBar-root-1 MuiAppBar-positionStatic-5 MuiAppBar-colorPrimary-7 header\\"><div class=\\"MuiToolbar-root-36 MuiToolbar-gutters-37\\"><div class=\\"MuiGrid-container-38 MuiGrid-justify-xs-flex-end-56\\"><nav><a tabindex=\\"0\\" class=\\"MuiButtonBase-root-145 MuiButton-root-129\\" role=\\"button\\" href=\\"/\\"><span class=\\"MuiButton-label-130\\">Create recipe</span><span class=\\"MuiTouchRipple-root-148\\"></span></a><a tabindex=\\"0\\" class=\\"MuiButtonBase-root-145 MuiButton-root-129\\" role=\\"button\\" href=\\"/recipes/list\\"><span class=\\"MuiButton-label-130\\">My recipes</span><span class=\\"MuiTouchRipple-root-148\\"></span></a></nav></div></div><img src=\\"logo.svg\\" class=\\"header__logo\\" alt=\\"logo\\"><h1 class=\\"MuiTypography-root-155 MuiTypography-display3-157 header__title\\">Recipify</h1><p class=\\"header__text\\">Create your own recipes by selecting ingredient and reviewing nutritional values before saving!</p></header>"`;
